
 Name                                                                                                     Monthly Qty  Unit            Monthly Cost 
                                                                                                                                                    
 azurerm_log_analytics_workspace.sentinel_data_connector_microsoft_defender_advanced_threat_protection                                              
 ├─ Log data ingestion                                                                                  Monthly cost depends on usage: $2.30 per GB 
 ├─ Sentinel data ingestion                                                                             Monthly cost depends on usage: $2.30 per GB 
 └─ Log data export                                                                                     Monthly cost depends on usage: $0.10 per GB 
                                                                                                                                                    
 OVERALL TOTAL                                                                                                                                $0.00 
──────────────────────────────────
4 cloud resources were detected:
∙ 2 were estimated, 1 of which usage-based costs, see https://infracost.io/usage-file
∙ 2 were free:
  ∙ 1 x azurerm_log_analytics_solution
  ∙ 1 x azurerm_resource_group