
 Name                                                                                    Monthly Qty  Unit            Monthly Cost 
                                                                                                                                   
 azurerm_log_analytics_workspace.sentinel_data_connector_microsoft_cloud_app_security                                              
 ├─ Log data ingestion                                                                 Monthly cost depends on usage: $2.99 per GB 
 └─ Log data export                                                                    Monthly cost depends on usage: $0.13 per GB 
                                                                                                                                   
 OVERALL TOTAL                                                                                                               $0.00 
──────────────────────────────────
4 cloud resources were detected:
∙ 1 was estimated, it includes usage-based costs, see https://infracost.io/usage-file
∙ 3 were free:
  ∙ 1 x azurerm_log_analytics_solution
  ∙ 1 x azurerm_resource_group
  ∙ 1 x azurerm_sentinel_data_connector_microsoft_cloud_app_security